Running Gradle task 'assembleDebug'...                          
Running Gradle task 'assembleDebug'...                             32.9s
